
> american-dream-taxes-hub@0.1.0 build
> next build

  Γû▓ Next.js 14.2.22
  - Environments: .env.local, .env

   Creating an optimized production build ...
   Using tsconfig file: ./tsconfig.json
 Γ£ô Compiled successfully
   Linting and checking validity of types ...
